// Jest Snapshot v1, https://goo.gl/fbAQLP

exports[`Home Component Snapshot should match the snapshot 1`] = `
<div
  className="container"
>
  <div
    className="row"
  >
    <div
      className="col"
    >
      <img
        alt="asia"
        src="asia.png"
        style={
          Object {
            "maxWidth": "100%",
          }
        }
      />
    </div>
    <div
      className="col"
      id="written-content"
    >
      <h2>
        ASIA
      </h2>
      <h5>
        Population: 4,764,955,914
      </h5>
    </div>
  </div>
  <div
    className="center row"
  >
    STATS BY COUNTRY
  </div>
</div>
`;
